{
    "failures": [
        {
            "type": "task",
            "connector": "jdbc-sink",
            "id": 0,
            "state": "FAILED",
            "worker_id": "kafka-connect:8083",
            "trace": null
        }
    ],
    "failure_states": [
        "FAILED"
    ],
    "healthy": false
}